// Vitest Snapshot v1, https://vitest.dev/guide/snapshot.html

exports[`NavigationButton > matches snapshot 1`] = `
<body>
  <div>
    <button
      class="vkuiInternalTappable vkuiIconButton__host vkuiIconButton__sizeYNone vkuiTappable__host vkuiTappable__sizeXNone vkuiTappable__hasPointerNone vkuiClickable__host vkuiClickable__realClickable vkuistyles__-focus-visible vkuiRootComponent__host"
      type="button"
    >
      Click me
      <span
        aria-hidden="true"
        class="vkuiTappable__stateLayer vkuiTappable__ripple"
      />
    </button>
  </div>
</body>
`;
